// Vitest Snapshot v1, https://vitest.dev/guide/snapshot.html

exports[`DistanceOutput > matches snapshot 1`] = `"Odległość [txt]1"`;
